// Jest Snapshot v1, https://goo.gl/fbAQLP

exports[`FinancialInstrumentsTableHeader render 1`] = `
<thead>
  <tr>
    <th
      className="header"
      onClick={[Function]}
      title="Click here to sort table by ticker data alphabetically."
    >
      Ticker
    </th>
    <th
      className="header"
      onClick={[Function]}
      title="Click here to sort table by price in descending order."
    >
      Price
    </th>
    <th
      className="header"
      onClick={[Function]}
      title="Click here to sort table by asset class with Equities first then Macro then Credit."
    >
      Asset Class
    </th>
  </tr>
</thead>
`;
